// Jest Snapshot v1, https://goo.gl/fbAQLP

exports[`HashTable Should construct correctly 1`] = `
HashTable {
  "table": {},
  "toStrFn": [Function],
}
`;
